------------------------------------------------------------
Timing Analyzer Summary
------------------------------------------------------------

Type  : Slow 1200mV 85C Model Setup 'clk'
Slack : -28.808
TNS   : -13537.792

Type  : Slow 1200mV 85C Model Setup 'ctrler:controller|datapath:dp|bus_latch:PClatch|DATA[0]'
Slack : -21.940
TNS   : -546.824

Type  : Slow 1200mV 85C Model Hold 'ctrler:controller|datapath:dp|bus_latch:PClatch|DATA[0]'
Slack : -15.718
TNS   : -545.709

Type  : Slow 1200mV 85C Model Hold 'clk'
Slack : -0.374
TNS   : -1.478

Type  : Slow 1200mV 85C Model Minimum Pulse Width 'ctrler:controller|datapath:dp|bus_latch:PClatch|DATA[0]'
Slack : -12.931
TNS   : -7852.457

Type  : Slow 1200mV 85C Model Minimum Pulse Width 'clk'
Slack : -3.000
TNS   : -1828.805

Type  : Slow 1200mV 85C Model Minimum Pulse Width 'inen'
Slack : -3.000
TNS   : -3.000

Type  : Slow 1200mV 0C Model Setup 'clk'
Slack : -26.384
TNS   : -12493.388

Type  : Slow 1200mV 0C Model Setup 'ctrler:controller|datapath:dp|bus_latch:PClatch|DATA[0]'
Slack : -20.345
TNS   : -505.576

Type  : Slow 1200mV 0C Model Hold 'ctrler:controller|datapath:dp|bus_latch:PClatch|DATA[0]'
Slack : -14.237
TNS   : -492.400

Type  : Slow 1200mV 0C Model Hold 'clk'
Slack : -0.302
TNS   : -1.267

Type  : Slow 1200mV 0C Model Minimum Pulse Width 'ctrler:controller|datapath:dp|bus_latch:PClatch|DATA[0]'
Slack : -11.917
TNS   : -7091.331

Type  : Slow 1200mV 0C Model Minimum Pulse Width 'clk'
Slack : -3.000
TNS   : -1828.271

Type  : Slow 1200mV 0C Model Minimum Pulse Width 'inen'
Slack : -3.000
TNS   : -3.000

Type  : Fast 1200mV 0C Model Setup 'clk'
Slack : -12.579
TNS   : -5289.785

Type  : Fast 1200mV 0C Model Setup 'ctrler:controller|datapath:dp|bus_latch:PClatch|DATA[0]'
Slack : -9.335
TNS   : -228.309

Type  : Fast 1200mV 0C Model Hold 'ctrler:controller|datapath:dp|bus_latch:PClatch|DATA[0]'
Slack : -7.038
TNS   : -251.930

Type  : Fast 1200mV 0C Model Hold 'clk'
Slack : -0.441
TNS   : -3.403

Type  : Fast 1200mV 0C Model Minimum Pulse Width 'ctrler:controller|datapath:dp|bus_latch:PClatch|DATA[0]'
Slack : -5.337
TNS   : -2853.444

Type  : Fast 1200mV 0C Model Minimum Pulse Width 'clk'
Slack : -3.000
TNS   : -1344.686

Type  : Fast 1200mV 0C Model Minimum Pulse Width 'inen'
Slack : -3.000
TNS   : -3.000

------------------------------------------------------------
