------------------------------------------------------------
Timing Analyzer Summary
------------------------------------------------------------

Type  : Slow 1200mV 85C Model Setup 'clk'
Slack : -28.298
TNS   : -16343.773

Type  : Slow 1200mV 85C Model Setup 'ctrler:controller|datapath:dp|bus_latch:PClatch|DATA[0]'
Slack : -19.907
TNS   : -660.631

Type  : Slow 1200mV 85C Model Hold 'ctrler:controller|datapath:dp|bus_latch:PClatch|DATA[0]'
Slack : -16.879
TNS   : -433.210

Type  : Slow 1200mV 85C Model Hold 'clk'
Slack : -0.079
TNS   : -0.079

Type  : Slow 1200mV 85C Model Minimum Pulse Width 'ctrler:controller|datapath:dp|bus_latch:PClatch|DATA[0]'
Slack : -12.965
TNS   : -7108.462

Type  : Slow 1200mV 85C Model Minimum Pulse Width 'clk'
Slack : -3.000
TNS   : -1831.611

Type  : Slow 1200mV 85C Model Minimum Pulse Width 'inen'
Slack : -3.000
TNS   : -3.000

Type  : Slow 1200mV 0C Model Setup 'clk'
Slack : -25.737
TNS   : -15091.452

Type  : Slow 1200mV 0C Model Setup 'ctrler:controller|datapath:dp|bus_latch:PClatch|DATA[0]'
Slack : -18.444
TNS   : -613.320

Type  : Slow 1200mV 0C Model Hold 'ctrler:controller|datapath:dp|bus_latch:PClatch|DATA[0]'
Slack : -15.354
TNS   : -392.707

Type  : Slow 1200mV 0C Model Hold 'clk'
Slack : -0.148
TNS   : -0.148

Type  : Slow 1200mV 0C Model Minimum Pulse Width 'ctrler:controller|datapath:dp|bus_latch:PClatch|DATA[0]'
Slack : -11.834
TNS   : -6427.110

Type  : Slow 1200mV 0C Model Minimum Pulse Width 'clk'
Slack : -3.000
TNS   : -1831.077

Type  : Slow 1200mV 0C Model Minimum Pulse Width 'inen'
Slack : -3.000
TNS   : -3.000

Type  : Fast 1200mV 0C Model Setup 'clk'
Slack : -12.598
TNS   : -6636.409

Type  : Fast 1200mV 0C Model Setup 'ctrler:controller|datapath:dp|bus_latch:PClatch|DATA[0]'
Slack : -8.640
TNS   : -284.929

Type  : Fast 1200mV 0C Model Hold 'ctrler:controller|datapath:dp|bus_latch:PClatch|DATA[0]'
Slack : -7.547
TNS   : -197.867

Type  : Fast 1200mV 0C Model Hold 'clk'
Slack : -0.219
TNS   : -0.707

Type  : Fast 1200mV 0C Model Minimum Pulse Width 'ctrler:controller|datapath:dp|bus_latch:PClatch|DATA[0]'
Slack : -5.332
TNS   : -2629.011

Type  : Fast 1200mV 0C Model Minimum Pulse Width 'clk'
Slack : -3.000
TNS   : -1344.638

Type  : Fast 1200mV 0C Model Minimum Pulse Width 'inen'
Slack : -3.000
TNS   : -3.000

------------------------------------------------------------
